// Jest Snapshot v1, https://goo.gl/fbAQLP

exports[`matches the last snapshot 1`] = `
<div
  className="zome"
>
  <div
    className="clickable-div"
    onClick={[Function]}
  >
    <div
      className="zome-name"
    >
      some zome
      <ExpandButton
        expanded={false}
        toggleExpanded={[Function]}
      />
    </div>
  </div>
</div>
`;
